
> backend@0.0.1 test
> jest src/users/users.service.spec.ts

